// Jest Snapshot v1, https://goo.gl/fbAQLP

exports[`store store initial state should have a store 1`] = `
Object {
  "activeMarket": Object {},
  "connectSocket": true,
  "marketPairs": Object {},
}
`;
