// Jest Snapshot v1, https://goo.gl/fbAQLP

exports[`middleware returns properly 1`] = `Array []`;
