// Jest Snapshot v1, https://goo.gl/fbAQLP

exports[`activeMarket reducer initial state returns properly 1`] = `Object {}`;

exports[`activeMarket reducer should handle SET_ACTIVE_MARKET 1`] = `
Object {
  "market": "BTC",
}
`;
