// Jest Snapshot v1, https://goo.gl/fbAQLP

exports[`connectSocket reducer initial state returns properly 1`] = `true`;

exports[`connectSocket reducer should handle TOGGLE_SOCKET_STREAMS 1`] = `false`;
