// Jest Snapshot v1, https://goo.gl/fbAQLP

exports[`marketPairs reducer initial state returns properly 1`] = `Object {}`;

exports[`marketPairs reducer should handle UPDATE_MARKET_PAIRS 1`] = `
Object {
  "BNBBTC": Object {},
  "ENJBTC": Object {},
  "ETHUSDT": Object {},
}
`;
