// Jest Snapshot v1, https://goo.gl/fbAQLP

exports[`Loader component renders properly 1`] = `"<div class=\\"text-center w-100\\"><div class=\\"lds-ellipsis\\"><div class=\\"dot\\"></div><div class=\\"dot\\"></div><div class=\\"dot\\"></div><div class=\\"dot\\"></div></div></div>"`;
