// Jest Snapshot v1, https://goo.gl/fbAQLP

exports[`Row component renders properly 1`] = `"<li class=\\"table-item\\"><article class=\\"d-none d-md-inline\\"><div class=\\"row table-row small py-1\\"><div class=\\"col d-flex align-items-center\\"><h3 class=\\"title font-weight-normal mb-0\\">BNBBTC</h3></div><div class=\\"col d-flex align-items-center\\"><span>0.00184990</span></div><div class=\\"col d-flex align-items-center\\"><span>0.00182500</span></div><div class=\\"col d-flex align-items-center\\"><span>2332.46079005</span></div><div class=\\"col d-flex align-items-center\\"><span>0.00184780</span></div><div class=\\"col d-flex align-items-center\\"><span>0.00187580</span></div></div></article><article class=\\"d-inline d-md-none\\"><div class=\\"row table-row small py-1\\"><div class=\\"col-4\\"><h2 class=\\"font-weight-light text-muted small mb-0\\">Pair</h2><span class=\\"font-weight-bold\\">BNBBTC</span></div><div class=\\"col-4\\"><h2 class=\\"font-weight-light text-muted small mb-0\\">Latest Price</h2><span class=\\"small\\">0.00184990</span></div><div class=\\"col-4\\"><h2 class=\\"font-weight-light text-muted small mb-0\\">Open</h2><span class=\\"small\\">0.00182500</span></div><div class=\\"col-4\\"><h2 class=\\"font-weight-light text-muted small mb-0\\">High</h2><span class=\\"small\\">2332.46079005</span></div><div class=\\"col-4\\"><h2 class=\\"font-weight-light text-muted small mb-0\\">Low</h2><span class=\\"small\\">0.00184780</span></div><div class=\\"col-4\\"><h2 class=\\"font-weight-light text-muted small mb-0\\">Volume</h2><span class=\\"small\\">0.00187580</span></div></div></article></li>"`;
