// Jest Snapshot v1, https://goo.gl/fbAQLP

exports[`Title component Title component with default props renders properly 1`] = `ShallowWrapper {}`;

exports[`Title component Title component with title renders properly 1`] = `ShallowWrapper {}`;
