// Jest Snapshot v1, https://goo.gl/fbAQLP

exports[`updateMarketPairs action updateMarketPairs should return an action 1`] = `
Object {
  "data": Object {
    "BNBBTC": Object {},
    "ENJBTC": Object {},
    "ETHUSDT": Object {},
  },
  "type": "UPDATE_MARKET_PAIRS",
}
`;
